Microchip MPLAB XC8 Compiler V2.10 ()

Linker command line:

-W-3 --edf=C:\Program Files (x86)\Microchip\xc8\v2.10\pic\dat\en_msgs.txt \
  -cs -h+dist/default/production\LAB_3_18178.X.production.sym \
  --cmf=dist/default/production\LAB_3_18178.X.production.cmf -z -w9 \
  --disl=596:off --norlf -Q16F887 -oC:\Users\HP\AppData\Local\Temp\speg.2 \
  --defsym=__MPLAB_BUILD=1 \
  -Mdist/default/production/LAB_3_18178.X.production.map -E1 -ver=XC8 \
  --acfsm=1493 -ACODE=00h-07FFhx4 -ASTRCODE=00h-01FFFh -ASTRING=00h-0FFhx32 \
  -ACONST=00h-0FFhx32 -AENTRY=00h-0FFhx32 -ACOMMON=070h-07Fh \
  -ABANK0=020h-06Fh -ABANK1=0A0h-0EFh -ABANK2=0110h-016Fh \
  -ABANK3=0190h-01EFh -ARAM=020h-06Fh,0A0h-0EFh,0110h-016Fh,0190h-01EFh \
  -AABS1=020h-07Fh,0A0h-0EFh,0110h-016Fh,0190h-01EFh -ASFR0=00h-01Fh \
  -ASFR1=080h-09Fh -ASFR2=0100h-010Fh -ASFR3=0180h-018Fh \
  -preset_vec=00h,intentry,init,end_init -ppowerup=CODE -pcinit=CODE \
  -pfunctab=ENTRY -ACONFIG=02007h-02008h -pconfig=CONFIG -DCONFIG=2 \
  -AIDLOC=02000h-02003h -pidloc=IDLOC -DIDLOC=2 -AEEDATA=00h-0FFh/02100h \
  -peeprom_data=EEDATA -DEEDATA=2 -DCODE=2 -DSTRCODE=2 -DSTRING=2 -DCONST=2 \
  -DENTRY=2 -k C:\Users\HP\AppData\Local\Temp\speg.o \
  dist/default/production\LAB_3_18178.X.production.o 

Object code version is 3.11

Machine type is 16F887



                Name                               Link     Load   Length Selector   Space Scale
C:\Users\HP\AppData\Local\Temp\speg.o
                end_init                              8        8        4        0       0
dist/default/production\LAB_3_18178.X.production.o
                cinit                               7FB      7FB        5      FF6       0
                intentry                              0        0        8        0       0
                text9                               63B      63B       17      C76       0
                text8                               6D4      6D4       3E      DA8       0
                text7                               652      652       1A      CA4       0
                text6                               604      604        D      C08       0
                text5                               68B      68B       24      D16       0
                text4                               611      611       15      C22       0
                text3                               6AF      6AF       25      D5E       0
                text2                               626      626       15      C4C       0
                text1                               66C      66C       1F      CD8       0
                maintext                            712      712       E9      E24       0
                cstackBANK0                          20       20        5       20       1
                cstackCOMMON                         70       70        A       70       1
                bssCOMMON                            7A       7A        1       70       1
                strings                               C        C       36       18       0

TOTAL           Name                               Link     Load   Length     Space
        CLASS   CODE           
                end_init                              8        8        4         0
                cinit                               7FB      7FB        5         0
                intentry                              0        0        8         0
                text9                               63B      63B       17         0
                text8                               6D4      6D4       3E         0
                text7                               652      652       1A         0
                text6                               604      604        D         0
                text5                               68B      68B       24         0
                text4                               611      611       15         0
                text3                               6AF      6AF       25         0
                text2                               626      626       15         0
                text1                               66C      66C       1F         0
                maintext                            712      712       E9         0

        CLASS   STRCODE        

        CLASS   STRING         
                strings                               C        C       36         0

        CLASS   CONST          

        CLASS   ENTRY          

        CLASS   COMMON         
                cstackCOMMON                         70       70        A         1
                bssCOMMON                            7A       7A        1         1

        CLASS   BANK0          
                cstackBANK0                          20       20        5         1

        CLASS   BANK1          

        CLASS   BANK2          

        CLASS   BANK3          

        CLASS   RAM            

        CLASS   ABS1           
                abs_s1                               7E       7E        2         1

        CLASS   SFR0           

        CLASS   SFR1           

        CLASS   SFR2           

        CLASS   SFR3           

        CLASS   CONFIG         

        CLASS   IDLOC          

        CLASS   EEDATA         

        CLASS   STACK          



SEGMENTS        Name                           Load    Length   Top    Selector   Space  Class     Delta

                reset_vec                      000000  00000C  00000C         0       0  CODE        2
                strings                        00000C  000036  000042        18       0  STRING      2
                cstackBANK0                    000020  000005  000025        20       1  BANK0       1
                cstackCOMMON                   000070  00000B  00007B        70       1  COMMON      1
                text6                          000604  00000D  000611       C08       0  CODE        2
                text4                          000611  000015  000626       C22       0  CODE        2
                text2                          000626  000015  00063B       C4C       0  CODE        2
                text9                          00063B  000017  000652       C76       0  CODE        2
                text7                          000652  00001A  00066C       CA4       0  CODE        2
                text1                          00066C  00001F  00068B       CD8       0  CODE        2
                text5                          00068B  000024  0006AF       D16       0  CODE        2
                text3                          0006AF  000025  0006D4       D5E       0  CODE        2
                text8                          0006D4  00003E  000712       DA8       0  CODE        2
                maintext                       000712  0000E9  0007FB       E24       0  CODE        2
                cinit                          0007FB  000005  000800       FF6       0  CODE        2


UNUSED ADDRESS RANGES

        Name                Unused          Largest block    Delta
        BANK0            0025-006F             4B           1
        BANK1            00A0-00EF             50           1
        BANK2            0110-016F             60           1
        BANK3            0190-01EF             60           1
        CODE             0042-0603            5C2           2
                         0800-1FFF            800
        COMMON           007B-007D              3           1
        CONFIG           2007-2008              2           2
        CONST            0042-0603            100           2
                         0800-1FFF            100
        EEDATA           2100-21FF            100           2
        ENTRY            0042-0603            100           2
                         0800-1FFF            100
        IDLOC            2000-2003              4           2
        RAM              0025-006F             4B           1
                         00A0-00EF             50
                         0110-016F             60
                         0190-01EF             60
        SFR0             0000-001F             20           1
        SFR1             0080-009F             20           1
        SFR2             0100-010F             10           1
        SFR3             0180-018F             10           1
        STRCODE          0042-0603            5C2           2
                         0800-1FFF           1800
        STRING           0042-0603            100           2
                         0800-1FFF            100

                                  Symbol Table

_Lcd_Shift_Left                             
_Lcd_Shift_Right                            
__CFG_BOR4V$BOR40V         (abs)        0000
__CFG_BOREN$OFF            (abs)        0000
__CFG_CP$OFF               (abs)        0000
__CFG_CPD$OFF              (abs)        0000
__CFG_FCMEN$OFF            (abs)        0000
__CFG_FOSC$XT              (abs)        0000
__CFG_IESO$OFF             (abs)        0000
__CFG_LVP$OFF              (abs)        0000
__CFG_MCLRE$OFF            (abs)        0000
__CFG_PWRTE$OFF            (abs)        0000
__CFG_WDTE$OFF             (abs)        0000
__CFG_WRT$OFF              (abs)        0000
__Habs1                    abs1         0000
__Hbank0                   bank0        0000
__Hbank1                   bank1        0000
__Hbank2                   bank2        0000
__Hbank3                   bank3        0000
__HbssCOMMON               bssCOMMON    0000
__Hclrtext                 clrtext      0000
__Hcode                    code         0000
__Hcommon                  common       0000
__Hconfig                  config       0000
__HcstackBANK0             cstackBANK0  0000
__HcstackCOMMON            cstackCOMMON 0000
__Heeprom_data             eeprom_data  0000
__Hfunctab                 functab      0000
__Hidloc                   idloc        0000
__Hmaintext                maintext     0000
__Hpowerup                 powerup      0000
__Hram                     ram          0000
__Hreset_vec               reset_vec    0000
__Hsfr0                    sfr0         0000
__Hsfr1                    sfr1         0000
__Hsfr2                    sfr2         0000
__Hsfr3                    sfr3         0000
__Hspace_2                 (abs)        0000
__Hspace_3                 (abs)        0000
__Hstack                   stack        0000
__Hstrings                 strings      0000
__Htext                    text         0000
__Labs1                    abs1         0000
__Lbank0                   bank0        0000
__Lbank1                   bank1        0000
__Lbank2                   bank2        0000
__Lbank3                   bank3        0000
__LbssCOMMON               bssCOMMON    0000
__Lclrtext                 clrtext      0000
__Lcode                    code         0000
__Lcommon                  common       0000
__Lconfig                  config       0000
__LcstackBANK0             cstackBANK0  0000
__LcstackCOMMON            cstackCOMMON 0000
__Leeprom_data             eeprom_data  0000
__Lfunctab                 functab      0000
__Lidloc                   idloc        0000
__Lintentry                intentry     0000
__Lmaintext                maintext     0000
__Lpowerup                 powerup      0000
__Lram                     ram          0000
__Lreset_vec               reset_vec    0000
__Lsfr0                    sfr0         0000
__Lsfr1                    sfr1         0000
__Lsfr2                    sfr2         0000
__Lsfr3                    sfr3         0000
__Lspace_0                 (abs)        0000
__Lspace_1                 (abs)        0000
__Lspace_2                 (abs)        0000
__Lspace_3                 (abs)        0000
__Lstack                   stack        0000
__Lstrings                 strings      0000
__Ltext                    text         0000
__S3                       (abs)        0000
___int_sp                  stack        0000
___sp                      stack        0000
___stackhi                 (abs)        0000
___stacklo                 (abs)        0000
__pintentry                intentry     0000
__size_of_ISR              (abs)        0000
__size_of_Lcd_Clear        (abs)        0000
__size_of_Lcd_Cmd          (abs)        0000
__size_of_Lcd_Port         (abs)        0000
__size_of_Lcd_Set_Cursor   (abs)        0000
__size_of_Lcd_Write_Char   (abs)        0000
__size_of_Lcd_Write_String (abs)        0000
__size_of_UART_Init        (abs)        0000
__size_of_main             (abs)        0000
__size_of_setup            (abs)        0000
interrupt_function         intentry     0000
intlevel0                  functab      0000
intlevel1                  functab      0000
intlevel2                  functab      0000
intlevel3                  functab      0000
intlevel4                  functab      0000
intlevel5                  functab      0000
reset_vec                  reset_vec    0000
___latbits                 (abs)        0002
_PORTA                     (abs)        0005
_PORTAbits                 (abs)        0005
_PORTB                     (abs)        0006
_PORTD                     (abs)        0008
_PORTDbits                 (abs)        0008
_PORTE                     (abs)        0009
_INTCONbits                (abs)        000B
_PIR1bits                  (abs)        000C
__Hinit                    init         0008
__Hintentry                intentry     0008
__Lend_init                end_init     0008
__Linit                    init         0008
_RCSTAbits                 (abs)        0018
__Hend_init                end_init     000C
__pstrings                 strings      000C
__stringtab                strings      000C
_TXREG                     (abs)        0019
_RCREG                     (abs)        001A
_ADCON0                    (abs)        001F
_ADCON0bits                (abs)        001F
__pcstackBANK0             cstackBANK0  0020
__stringbase               strings      0011
__end_of__stringtab        strings      0012
__pcstackCOMMON            cstackCOMMON 0070
Lcd_Port@a                 cstackCOMMON 0072
Lcd_Write_Char@temp        cstackCOMMON 0074
Lcd_Cmd@a                  cstackCOMMON 0075
Lcd_Write_String@i         cstackCOMMON 0075
Lcd_Set_Cursor@b           cstackCOMMON 0076
Lcd_Write_String@a         cstackCOMMON 0077
Lcd_Set_Cursor@a           cstackCOMMON 0078
Lcd_Set_Cursor@temp        cstackCOMMON 0079
__pbssCOMMON               bssCOMMON    007A
__Hspace_1                 (abs)        007B
__S1                       (abs)        007B
btemp                      (abs)        007E
_TRISA                     (abs)        0085
_TRISB                     (abs)        0086
_TRISD                     (abs)        0088
_TRISE                     (abs)        0089
_PIE1bits                  (abs)        008C
_TXSTAbits                 (abs)        0098
_SPBRG                     (abs)        0099
_ADCON1                    (abs)        009F
_ANSEL                     (abs)        0188
_ANSELH                    (abs)        0189
__Hspace_0                 (abs)        0800
__S0                       (abs)        0800
_Lcd_Clear                 text6        0604
__ptext6                   text6        0604
_Lcd_Write_Char            text4        0611
__end_of_Lcd_Clear         text6        0611
__ptext4                   text4        0611
_UART_Init                 text2        0626
__end_of_Lcd_Write_Char    text4        0626
__ptext2                   text2        0626
_ISR                       text9        063B
__end_of_UART_Init         text2        063B
__ptext9                   text9        063B
_Lcd_Cmd                   text7        0652
__end_of_ISR               text9        0652
__ptext7                   text7        0652
__end_of_Lcd_Cmd           text7        066C
__ptext1                   text1        066C
_setup                     text1        066C
_Lcd_Set_Cursor            text5        068B
__end_of_setup             text1        068B
__ptext5                   text5        068B
_Lcd_Write_String          text3        06AF
__end_of_Lcd_Set_Cursor    text5        06AF
__ptext3                   text3        06AF
_Lcd_Port                  text8        06D4
__end_of_Lcd_Write_String  text3        06D4
__ptext8                   text8        06D4
__end_of_Lcd_Port          text8        0712
__pmaintext                maintext     0712
_main                      maintext     0712
__Lcinit                   cinit        07FB
__end_of_main              maintext     07FB
__initialization           cinit        07FB
__end_of__initialization   cinit        07FC
__Hcinit                   cinit        0800
main@a                     cstackBANK0  0023
end_of_initialization      cinit        07FC
saved_w                    (abs)        007E
start                      init         0008
start_initialization       cinit        07FB
wtemp0                     (abs)        007E
