Microchip MPLAB XC8 Compiler V2.10 ()

Linker command line:

-W-3 --edf=C:\Program Files (x86)\Microchip\xc8\v2.10\pic\dat\en_msgs.txt \
  -cs -h+dist/default/production\LAB_3_18178.X.production.sym \
  --cmf=dist/default/production\LAB_3_18178.X.production.cmf -z -Q16F887 \
  -oC:\Users\HP\AppData\Local\Temp\snbc.2 --defsym=__MPLAB_BUILD=1 \
  -Mdist/default/production/LAB_3_18178.X.production.map -E1 -ver=XC8 \
  --acfsm=1493 -ASTACK=0110h-016Fh -pstack=STACK -ACODE=00h-07FFhx4 \
  -ASTRCODE=00h-01FFFh -ASTRING=00h-0FFhx32 -ACONST=00h-0FFhx32 \
  -AENTRY=00h-0FFhx32 -ACOMMON=070h-07Fh -ABANK0=020h-06Fh \
  -ABANK1=0A0h-0EFh -ABANK2=0110h-016Fh -ABANK3=0190h-01EFh \
  -ARAM=020h-06Fh,0A0h-0EFh,0110h-016Fh,0190h-01EFh \
  -AABS1=020h-07Fh,0A0h-0EFh,0110h-016Fh,0190h-01EFh -ASFR0=00h-01Fh \
  -ASFR1=080h-09Fh -ASFR2=0100h-010Fh -ASFR3=0180h-018Fh \
  -preset_vec=00h,intentry=04h,init,end_init -ppowerup=CODE -pcinit=CODE \
  -pfunctab=ENTRY -ACONFIG=02007h-02008h -pconfig=CONFIG -DCONFIG=2 \
  -AIDLOC=02000h-02003h -pidloc=IDLOC -DIDLOC=2 -AEEDATA=00h-0FFh/02100h \
  -peeprom_data=EEDATA -DEEDATA=2 -DCODE=2 -DSTRCODE=2 -DSTRING=2 -DCONST=2 \
  -DENTRY=2 -k C:\Users\HP\AppData\Local\Temp\snbc.o \
  dist/default/production\LAB_3_18178.X.production.o 

Object code version is 3.11

Machine type is 16F887



                Name                               Link     Load   Length Selector   Space Scale
C:\Users\HP\AppData\Local\Temp\snbc.o
                end_init                              C        C        3        8       0
                reset_vec                             0        0        3        0       0
                config                             2007     2007        2     400E       0
dist/default/production\LAB_3_18178.X.production.o
                cinit                                 F        F       19        8       0
                intentry                              4        4        8        8       0
                text25                              A63      A63       36     14C6       0
                text24                              8E3      8E3        F     11C6       0
                text23                              9E6      9E6       29     13CC       0
                text22                              917      917       14     122E       0
                text21                              92B      92B       14     1256       0
                text20                              9BE      9BE       28     137C       0
                text19                              B67      B67       69     16CE       0
                text18                              B0C      B0C       5B     1618       0
                text17                              E23      E23      1DD     1C46       0
                text16                              A0F      A0F       29     141E       0
                text15                              398      398      361        8       0
                text14                              C42      C42       7C     1884       0
                text13                              6F9      6F9       BC        8       0
                text12                              7B5      7B5       46        8       0
                text11                              AD0      AD0       3C     15A0       0
                text10                              BD0      BD0       72     17A0       0
                text9                               998      998       26     1330       0
                text8                               93F      93F       17     127E       0
                text7                               8F2      8F2       12     11E4       0
                text6                               CBE      CBE      165     197C       0
                text5                               A38      A38       2B     1470       0
                text4                               975      975       23     12EA       0
                text3                                28       28      370        8       0
                text2                               956      956       1F     12AC       0
                text1                               A99      A99       37     1532       0
                maintext                            904      904       13     1208       0
                cstackBANK0                          20       20       42       20       1
                cstackCOMMON                         70       70        6       70       1
                cstackBANK1                          DD       DD        4       A0       1
                clrtext                             8DB      8DB        8     11B6       0
                bssBANK1                             A0       A0       3D       A0       1
                bssBANK0                             62       62        E       20       1
                bssCOMMON                            76       76        4       70       1
                strings                             800      800       35     1000       0

TOTAL           Name                               Link     Load   Length     Space
        CLASS   STACK          

        CLASS   CODE           
                end_init                              C        C        3         0
                cinit                                 F        F       19         0
                intentry                              4        4        8         0
                reset_vec                             0        0        3         0
                text25                              A63      A63       36         0
                text24                              8E3      8E3        F         0
                text23                              9E6      9E6       29         0
                text22                              917      917       14         0
                text21                              92B      92B       14         0
                text20                              9BE      9BE       28         0
                text19                              B67      B67       69         0
                text18                              B0C      B0C       5B         0
                text17                              E23      E23      1DD         0
                text16                              A0F      A0F       29         0
                text15                              398      398      361         0
                text14                              C42      C42       7C         0
                text13                              6F9      6F9       BC         0
                text12                              7B5      7B5       46         0
                text11                              AD0      AD0       3C         0
                text10                              BD0      BD0       72         0
                text9                               998      998       26         0
                text8                               93F      93F       17         0
                text7                               8F2      8F2       12         0
                text6                               CBE      CBE      165         0
                text5                               A38      A38       2B         0
                text4                               975      975       23         0
                text3                                28       28      370         0
                text2                               956      956       1F         0
                text1                               A99      A99       37         0
                maintext                            904      904       13         0
                clrtext                             8DB      8DB        8         0

        CLASS   STRCODE        

        CLASS   STRING         
                strings                             800      800       35         0

        CLASS   CONST          

        CLASS   ENTRY          

        CLASS   COMMON         
                cstackCOMMON                         70       70        6         1
                bssCOMMON                            76       76        4         1

        CLASS   BANK0          
                cstackBANK0                          20       20       42         1
                bssBANK0                             62       62        E         1

        CLASS   BANK1          
                cstackBANK1                          DD       DD        4         1
                bssBANK1                             A0       A0       3D         1

        CLASS   BANK2          

        CLASS   BANK3          

        CLASS   RAM            

        CLASS   ABS1           
                abs_s1                               7E       7E        2         1

        CLASS   SFR0           

        CLASS   SFR1           

        CLASS   SFR2           

        CLASS   SFR3           

        CLASS   CONFIG         
                config                             2007     2007        2         0

        CLASS   IDLOC          

        CLASS   EEDATA         



SEGMENTS        Name                           Load    Length   Top    Selector   Space  Class     Delta

                reset_vec                      000000  000003  000003         0       0  CODE        2
                intentry                       000004  0007F7  0007FB         8       0  CODE        2
                cstackBANK0                    000020  000050  000070        20       1  BANK0       1
                cstackCOMMON                   000070  00000A  00007A        70       1  COMMON      1
                bssBANK1                       0000A0  000041  0000E1        A0       1  BANK1       1
                strings                        000800  000035  000835      1000       0  STRING      2
                clrtext                        0008DB  000008  0008E3      11B6       0  CODE        2
                text24                         0008E3  00000F  0008F2      11C6       0  CODE        2
                text7                          0008F2  000012  000904      11E4       0  CODE        2
                maintext                       000904  000013  000917      1208       0  CODE        2
                text22                         000917  000014  00092B      122E       0  CODE        2
                text21                         00092B  000014  00093F      1256       0  CODE        2
                text8                          00093F  000017  000956      127E       0  CODE        2
                text2                          000956  00001F  000975      12AC       0  CODE        2
                text4                          000975  000023  000998      12EA       0  CODE        2
                text9                          000998  000026  0009BE      1330       0  CODE        2
                text20                         0009BE  000028  0009E6      137C       0  CODE        2
                text23                         0009E6  000029  000A0F      13CC       0  CODE        2
                text16                         000A0F  000029  000A38      141E       0  CODE        2
                text5                          000A38  00002B  000A63      1470       0  CODE        2
                text25                         000A63  000036  000A99      14C6       0  CODE        2
                text1                          000A99  000037  000AD0      1532       0  CODE        2
                text11                         000AD0  00003C  000B0C      15A0       0  CODE        2
                text18                         000B0C  00005B  000B67      1618       0  CODE        2
                text19                         000B67  000069  000BD0      16CE       0  CODE        2
                text10                         000BD0  000072  000C42      17A0       0  CODE        2
                text14                         000C42  00007C  000CBE      1884       0  CODE        2
                text6                          000CBE  000165  000E23      197C       0  CODE        2
                text17                         000E23  0001DD  001000      1C46       0  CODE        2
                config                         002007  000002  002009      400E       0  CONFIG      2


UNUSED ADDRESS RANGES

        Name                Unused          Largest block    Delta
        BANK1            00E1-00EF              F           1
        BANK2            0110-016F             60           1
        BANK3            0190-01EF             60           1
        CODE             0003-0003              1           2
                         07FB-07FF              5
                         0835-08DA             A6
                         1000-1FFF            800
        COMMON           007A-007D              4           1
        CONST            0003-0003              1           2
                         07FB-07FF              5
                         0835-08DA             A6
                         1000-1FFF            100
        EEDATA           2100-21FF            100           2
        ENTRY            0003-0003              1           2
                         07FB-07FF              5
                         0835-08DA             A6
                         1000-1FFF            100
        IDLOC            2000-2003              4           2
        RAM              00E1-00EF              F           1
                         0110-016F             60
                         0190-01EF             60
        SFR0             0000-001F             20           1
        SFR1             0080-009F             20           1
        SFR2             0100-010F             10           1
        SFR3             0180-018F             10           1
        STACK            0110-016F             60           1
        STRCODE          0003-0003              1           2
                         07FB-07FF              5
                         0835-08DA             A6
                         1000-1FFF           1000
        STRING           0003-0003              1           2
                         07FB-07FF              5
                         0835-08DA             A6
                         1000-1FFF            100

                                  Symbol Table

?__Umul8_16               cstackCOMMON 0074
?___awdiv                 cstackBANK0  0020
?___awmod                 cstackBANK0  0028
?___fldiv                 cstackBANK0  0048
?___flmul                 cstackBANK0  002E
?___fltol                 cstackBANK0  0048
?___lwdiv                 cstackBANK0  0020
?___lwmod                 cstackBANK0  0027
?___xxtofl                cstackBANK0  0020
?_sprintf                 cstackBANK0  002C
LCD_cmd@x                 cstackBANK0  0020
LCD_dwr@x                 cstackBANK0  0020
LCD_msg@c                 cstackBANK0  0021
_ADC                      text3        0028
_ADC1_A                   bssBANK0     006E
_ADC1_B                   bssBANK0     006C
_ADC2_A                   bssBANK0     0066
_ADC2_B                   bssBANK1     00AE
_ADCA                     bssBANK0     006A
_ADCAACHARA               bssBANK1     00C4
_ADCABCHARB               bssBANK1     00BF
_ADCACCHARC               bssBANK1     00BA
_ADCACHARA                bssBANK1     00D8
_ADCB                     bssBANK1     00AC
_ADCBCHARB                bssBANK1     00D3
_ADCCCHARC                bssBANK1     00CE
_ADCON0bits               (abs)        001F
_ADCON1bits               (abs)        009F
_ADRESH                   (abs)        001E
_ANSEL                    (abs)        0188
_ANSELH                   (abs)        0189
_BAUDCTLbits              (abs)        0187
_DC1                      bssCOMMON    0076
_DC2                      bssBANK0     0068
_INTCONbits               (abs)        000B
_ISR                      text25       0A63
_LCD_cmd                  text22       0917
_LCD_dwr                  text21       092B
_LCD_lat                  text24       08E3
_LCD_msg                  text20       09BE
_LCD_ready                text23       09E6
_OSCCONbits               (abs)        008F
_PI                       bssBANK1     00AA
_PIE1bits                 (abs)        008C
_PIR1bits                 (abs)        000C
_POINTERA                 bssBANK1     00C9
_POINTERB                 bssBANK1     00B5
_PORTA                    (abs)        0005
_PORTAbits                (abs)        0005
_PORTB                    (abs)        0006
_PORTC                    (abs)        0007
_PORTCbits                (abs)        0007
_PORTD                    (abs)        0008
_PORTE                    (abs)        0009
_RCREG                    (abs)        001A
_RCSTA                    (abs)        0018
_RCSTAbits                (abs)        0018
_SPBRG                    (abs)        0099
_SPBRGH                   (abs)        009A
_TERMINAL                 bssBANK1     00B0
_TRISA                    (abs)        0085
_TRISB                    (abs)        0086
_TRISC                    (abs)        0087
_TRISD                    (abs)        0088
_TRISE                    (abs)        0089
_TXREG                    (abs)        0019
_TXSTA                    (abs)        0098
_TXSTAbits                (abs)        0098
__CFG_BOR4V$BOR40V        (abs)        0000
__CFG_BOREN$OFF           (abs)        0000
__CFG_CP$OFF              (abs)        0000
__CFG_CPD$OFF             (abs)        0000
__CFG_FCMEN$OFF           (abs)        0000
__CFG_FOSC$INTRC_NOCLKOUT (abs)        0000
__CFG_IESO$OFF            (abs)        0000
__CFG_LVP$OFF             (abs)        0000
__CFG_MCLRE$OFF           (abs)        0000
__CFG_PWRTE$OFF           (abs)        0000
__CFG_WDTE$OFF            (abs)        0000
__CFG_WRT$OFF             (abs)        0000
__Habs1                   abs1         0000
__Hbank0                  bank0        0000
__Hbank1                  bank1        0000
__Hbank2                  bank2        0000
__Hbank3                  bank3        0000
__HbssBANK0               bssBANK0     0000
__HbssBANK1               bssBANK1     0000
__HbssCOMMON              bssCOMMON    0000
__Hcinit                  cinit        0028
__Hclrtext                clrtext      0000
__Hcode                   code         0000
__Hcommon                 common       0000
__Hconfig                 config       2009
__HcstackBANK0            cstackBANK0  0000
__HcstackBANK1            cstackBANK1  0000
__HcstackCOMMON           cstackCOMMON 0000
__Heeprom_data            eeprom_data  0000
__Hend_init               end_init     000F
__Hfunctab                functab      0000
__Hidloc                  idloc        0000
__Hinit                   init         000C
__Hintentry               intentry     000C
__Hmaintext               maintext     0000
__Hpowerup                powerup      0000
__Hram                    ram          0000
__Hreset_vec              reset_vec    0003
__Hsfr0                   sfr0         0000
__Hsfr1                   sfr1         0000
__Hsfr2                   sfr2         0000
__Hsfr3                   sfr3         0000
__Hspace_0                (abs)        2009
__Hspace_1                (abs)        00E1
__Hspace_2                (abs)        0000
__Hspace_3                (abs)        0000
__Hstack                  stack        0000
__Hstrings                strings      0000
__Htext                   text         0000
__Labs1                   abs1         0000
__Lbank0                  bank0        0000
__Lbank1                  bank1        0000
__Lbank2                  bank2        0000
__Lbank3                  bank3        0000
__LbssBANK0               bssBANK0     0000
__LbssBANK1               bssBANK1     0000
__LbssCOMMON              bssCOMMON    0000
__Lcinit                  cinit        000F
__Lclrtext                clrtext      0000
__Lcode                   code         0000
__Lcommon                 common       0000
__Lconfig                 config       2007
__LcstackBANK0            cstackBANK0  0000
__LcstackBANK1            cstackBANK1  0000
__LcstackCOMMON           cstackCOMMON 0000
__Leeprom_data            eeprom_data  0000
__Lend_init               end_init     000C
__Lfunctab                functab      0000
__Lidloc                  idloc        0000
__Linit                   init         000C
__Lintentry               intentry     0004
__Lmaintext               maintext     0000
__Lpowerup                powerup      0000
__Lram                    ram          0000
__Lreset_vec              reset_vec    0000
__Lsfr0                   sfr0         0000
__Lsfr1                   sfr1         0000
__Lsfr2                   sfr2         0000
__Lsfr3                   sfr3         0000
__Lspace_0                (abs)        0000
__Lspace_1                (abs)        0000
__Lspace_2                (abs)        0000
__Lspace_3                (abs)        0000
__Lstack                  stack        0000
__Lstrings                strings      0000
__Ltext                   text         0000
__S0                      (abs)        2009
__S1                      (abs)        00E1
__S2                      (abs)        0000
__S3                      (abs)        0000
__Umul8_16                text16       0A0F
__Umul8_16@multiplicand   cstackCOMMON 0074
__Umul8_16@multiplier     cstackBANK0  0026
__Umul8_16@product        cstackBANK0  0022
__Umul8_16@word_mpld      cstackBANK0  0024
___awdiv                  text19       0B67
___awdiv@counter          cstackBANK0  0024
___awdiv@dividend         cstackBANK0  0022
___awdiv@divisor          cstackBANK0  0020
___awdiv@quotient         cstackBANK0  0026
___awdiv@sign             cstackBANK0  0025
___awmod                  text18       0B0C
___awmod@counter          cstackBANK0  002C
___awmod@dividend         cstackBANK0  002A
___awmod@divisor          cstackBANK0  0028
___awmod@sign             cstackBANK0  002D
___bmul                   text8        093F
___bmul@multiplicand      cstackCOMMON 0074
___bmul@multiplier        cstackBANK0  0021
___bmul@product           cstackBANK0  0020
___fldiv                  text17       0E23
___fldiv@a                cstackBANK0  0048
___fldiv@aexp             cstackBANK0  0061
___fldiv@b                cstackBANK0  004C
___fldiv@bexp             cstackBANK0  0060
___fldiv@grs              cstackBANK0  005C
___fldiv@new_exp          cstackBANK0  005A
___fldiv@rem              cstackBANK0  0055
___fldiv@sign             cstackBANK0  0059
___flmul                  text15       0398
___flmul@a                cstackBANK0  0032
___flmul@aexp             cstackBANK0  003C
___flmul@b                cstackBANK0  002E
___flmul@bexp             cstackBANK0  0041
___flmul@grs              cstackBANK0  003D
___flmul@prod             cstackBANK0  0042
___flmul@sign             cstackBANK0  003B
___flmul@temp             cstackBANK0  0046
___fltol                  text14       0C42
___fltol@exp1             cstackBANK0  0052
___fltol@f1               cstackBANK0  0048
___fltol@sign1            cstackBANK0  0051
___int_sp                 stack        0000
___latbits                (abs)        0002
___lwdiv                  text12       07B5
___lwdiv@counter          cstackBANK0  0024
___lwdiv@dividend         cstackBANK0  0022
___lwdiv@divisor          cstackBANK0  0020
___lwdiv@quotient         cstackBANK0  0025
___lwmod                  text11       0AD0
___lwmod@counter          cstackBANK0  002B
___lwmod@dividend         cstackBANK0  0029
___lwmod@divisor          cstackBANK0  0027
___sp                     stack        0000
___stackhi                (abs)        0000
___stacklo                (abs)        0000
___xxtofl                 text13       06F9
___xxtofl@arg             cstackBANK0  002A
___xxtofl@exp             cstackBANK0  0029
___xxtofl@sign            cstackBANK0  0028
___xxtofl@val             cstackBANK0  0020
__end_of_ADC              text3        0398
__end_of_ISR              text25       0A99
__end_of_LCD_cmd          text22       092B
__end_of_LCD_dwr          text21       093F
__end_of_LCD_lat          text24       08F2
__end_of_LCD_msg          text20       09E6
__end_of_LCD_ready        text23       0A0F
__end_of__Umul8_16        text16       0A38
__end_of___awdiv          text19       0BD0
__end_of___awmod          text18       0B67
__end_of___bmul           text8        0956
__end_of___fldiv          text17       1000
__end_of___flmul          text15       06F9
__end_of___fltol          text14       0CBE
__end_of___lwdiv          text12       07FB
__end_of___lwmod          text11       0B0C
__end_of___xxtofl         text13       07B5
__end_of__initialization  cinit        0024
__end_of__stringtab       strings      0810
__end_of_dpowers          strings      081A
__end_of_inicio           text2        0975
__end_of_isdigit          text7        0904
__end_of_itoa             text9        09BE
__end_of_main             maintext     0917
__end_of_setup            text1        0AD0
__end_of_sprintf          text6        0E23
__end_of_strcat           text5        0A63
__end_of_strcpy           text4        0998
__end_of_utoa             text10       0C42
__initialization          cinit        000F
__pbssBANK0               bssBANK0     0062
__pbssBANK1               bssBANK1     00A0
__pbssCOMMON              bssCOMMON    0076
__pcstackBANK0            cstackBANK0  0020
__pcstackBANK1            cstackBANK1  00DD
__pcstackCOMMON           cstackCOMMON 0070
__pintentry               intentry     0004
__pmaintext               maintext     0904
__pstrings                strings      0800
__ptext1                  text1        0A99
__ptext10                 text10       0BD0
__ptext11                 text11       0AD0
__ptext12                 text12       07B5
__ptext13                 text13       06F9
__ptext14                 text14       0C42
__ptext15                 text15       0398
__ptext16                 text16       0A0F
__ptext17                 text17       0E23
__ptext18                 text18       0B0C
__ptext19                 text19       0B67
__ptext2                  text2        0956
__ptext20                 text20       09BE
__ptext21                 text21       092B
__ptext22                 text22       0917
__ptext23                 text23       09E6
__ptext24                 text24       08E3
__ptext25                 text25       0A63
__ptext3                  text3        0028
__ptext4                  text4        0975
__ptext5                  text5        0A38
__ptext6                  text6        0CBE
__ptext7                  text7        08F2
__ptext8                  text8        093F
__ptext9                  text9        0998
__size_of_ADC             (abs)        0000
__size_of_ISR             (abs)        0000
__size_of_LCD_cmd         (abs)        0000
__size_of_LCD_dwr         (abs)        0000
__size_of_LCD_lat         (abs)        0000
__size_of_LCD_msg         (abs)        0000
__size_of_LCD_ready       (abs)        0000
__size_of__Umul8_16       (abs)        0000
__size_of___awdiv         (abs)        0000
__size_of___awmod         (abs)        0000
__size_of___bmul          (abs)        0000
__size_of___fldiv         (abs)        0000
__size_of___flmul         (abs)        0000
__size_of___fltol         (abs)        0000
__size_of___lwdiv         (abs)        0000
__size_of___lwmod         (abs)        0000
__size_of___xxtofl        (abs)        0000
__size_of_inicio          (abs)        0000
__size_of_isdigit         (abs)        0000
__size_of_itoa            (abs)        0000
__size_of_main            (abs)        0000
__size_of_setup           (abs)        0000
__size_of_sprintf         (abs)        0000
__size_of_strcat          (abs)        0000
__size_of_strcpy          (abs)        0000
__size_of_utoa            (abs)        0000
__stringbase              strings      080F
__stringtab               strings      0800
_analogic_digital_a       bssCOMMON    0079
_analogic_digital_b       bssCOMMON    0078
_dpowers                  strings      0810
_inicio                   text2        0956
_isdigit                  text7        08F2
_isdigit$1064             cstackCOMMON 0074
_itoa                     text9        0998
_main                     maintext     0904
_plc                      bssBANK1     00A8
_rX                       bssBANK0     0064
_rXc                      bssBANK0     0062
_setup                    text1        0A99
_sprintf                  text6        0CBE
_strcat                   text5        0A38
_strcpy                   text4        0975
_utoa                     text10       0BD0
_voltage                  bssBANK1     00A4
_voltageb                 bssBANK1     00A0
btemp                     (abs)        007E
clear_ram0                clrtext      08DB
end_of_initialization     cinit        0024
interrupt_function        intentry     0004
intlevel0                 functab      0000
intlevel1                 functab      0000
intlevel2                 functab      0000
intlevel3                 functab      0000
intlevel4                 functab      0000
intlevel5                 functab      0000
isdigit@c                 cstackCOMMON 0075
itoa@base                 cstackBANK0  0037
itoa@buf                  cstackBANK0  003B
itoa@val                  cstackBANK0  0035
reset_vec                 reset_vec    0000
saved_w                   (abs)        007E
sprintf@ap                cstackBANK0  0032
sprintf@c                 cstackBANK0  0038
sprintf@f                 cstackBANK0  002C
sprintf@flag              cstackBANK0  0033
sprintf@prec              cstackBANK0  0037
sprintf@sp                cstackBANK0  0034
sprintf@val               cstackBANK0  0035
start                     init         000C
start_initialization      cinit        000F
strcat@cp                 cstackBANK0  0021
strcat@from               cstackCOMMON 0074
strcat@to                 cstackBANK0  0020
strcpy@cp                 cstackBANK0  0020
strcpy@from               cstackCOMMON 0074
strcpy@to                 cstackBANK0  0021
utoa@base                 cstackBANK0  002E
utoa@buf                  cstackBANK0  0034
utoa@c                    cstackBANK0  0033
utoa@v                    cstackBANK0  0031
utoa@val                  cstackBANK0  002C
wtemp0                    (abs)        007E


FUNCTION INFORMATION:

 *************** function _main *****************
 Defined at:
		line 71 in file "main.c"
 Parameters:    Size  Location     Type
		None
 Auto vars:     Size  Location     Type
		None
 Return value:  Size  Location     Type
                  1    wreg      void 
 Registers used:
		wreg, fsr0l, fsr0h, status,2, status,0, btemp+1, pclath, cstack
 Tracked objects:
		On entry : 
		On exit  : 
		Unchanged: 
 Data sizes:     COMMON   BANK0   BANK1   BANK3   BANK2
      Params:         0       0       0       0       0
      Locals:         0       0       0       0       0
      Temps:          0       0       0       0       0
      Totals:         0       0       0       0       0
Total ram usage:        0 bytes
 Hardware stack levels required when called:    5
 This function calls:
		_ADC
		_inicio
		_setup
 This function is called by:
		Startup code after reset
 This function uses a non-reentrant model


 *************** function _setup *****************
 Defined at:
		line 87 in file "main.c"
 Parameters:    Size  Location     Type
		None
 Auto vars:     Size  Location     Type
		None
 Return value:  Size  Location     Type
                  1    wreg      void 
 Registers used:
		wreg, status,2, status,0
 Tracked objects:
		On entry : 
		On exit  : 
		Unchanged: 
 Data sizes:     COMMON   BANK0   BANK1   BANK3   BANK2
      Params:         0       0       0       0       0
      Locals:         0       0       0       0       0
      Temps:          0       0       0       0       0
      Totals:         0       0       0       0       0
Total ram usage:        0 bytes
 Hardware stack levels used:    1
 Hardware stack levels required when called:    1
 This function calls:
		Nothing
 This function is called by:
		_main
 This function uses a non-reentrant model


 *************** function _inicio *****************
 Defined at:
		line 57 in file "LCD.c"
 Parameters:    Size  Location     Type
		None
 Auto vars:     Size  Location     Type
		None
 Return value:  Size  Location     Type
                  1    wreg      void 
 Registers used:
		wreg, status,2, status,0, pclath, cstack
 Tracked objects:
		On entry : 
		On exit  : 
		Unchanged: 
 Data sizes:     COMMON   BANK0   BANK1   BANK3   BANK2
      Params:         0       0       0       0       0
      Locals:         0       0       0       0       0
      Temps:          0       0       0       0       0
      Totals:         0       0       0       0       0
Total ram usage:        0 bytes
 Hardware stack levels used:    1
 Hardware stack levels required when called:    3
 This function calls:
		_LCD_cmd
 This function is called by:
		_main
 This function uses a non-reentrant model


 *************** function _ADC *****************
 Defined at:
		line 84 in file "adc.c"
 Parameters:    Size  Location     Type
		None
 Auto vars:     Size  Location     Type
		None
 Return value:  Size  Location     Type
                  1    wreg      void 
 Registers used:
		wreg, fsr0l, fsr0h, status,2, status,0, btemp+1, pclath, cstack
 Tracked objects:
		On entry : 
		On exit  : 
		Unchanged: 
 Data sizes:     COMMON   BANK0   BANK1   BANK3   BANK2
      Params:         0       0       0       0       0
      Locals:         0       0       0       0       0
      Temps:          0       0       4       0       0
      Totals:         0       0       4       0       0
Total ram usage:        4 bytes
 Hardware stack levels used:    1
 Hardware stack levels required when called:    4
 This function calls:
		_LCD_cmd
		_LCD_msg
		___awdiv
		___awmod
		___fldiv
		___flmul
		___fltol
		___xxtofl
		_itoa
		_sprintf
		_strcat
		_strcpy
 This function is called by:
		_main
 This function uses a non-reentrant model


 *************** function _strcpy *****************
 Defined at:
		line 8 in file "C:\Program Files (x86)\Microchip\xc8\v2.10\pic\sources\c90\common\strcpy.c"
 Parameters:    Size  Location     Type
  to              1    wreg     PTR unsigned char 
		 -> POINTERB(5), POINTERA(5), 
  from            1    4[COMMON] PTR const unsigned char 
		 -> STR_3(2), STR_2(2), 
 Auto vars:     Size  Location     Type
  to              1    1[BANK0 ] PTR unsigned char 
		 -> POINTERB(5), POINTERA(5), 
  cp              1    0[BANK0 ] PTR unsigned char 
		 -> POINTERB(5), POINTERA(5), 
 Return value:  Size  Location     Type
                  1    wreg      PTR unsigned char 
 Registers used:
		wreg, fsr0l, fsr0h, status,2, status,0, pclath
 Tracked objects:
		On entry : 
		On exit  : 
		Unchanged: 
 Data sizes:     COMMON   BANK0   BANK1   BANK3   BANK2
      Params:         1       0       0       0       0
      Locals:         0       2       0       0       0
      Temps:          1       0       0       0       0
      Totals:         2       2       0       0       0
Total ram usage:        4 bytes
 Hardware stack levels used:    2
 Hardware stack levels required when called:    1
 This function calls:
		Nothing
 This function is called by:
		_ADC
 This function uses a non-reentrant model


 *************** function _strcat *****************
 Defined at:
		line 8 in file "C:\Program Files (x86)\Microchip\xc8\v2.10\pic\sources\c90\common\strcat.c"
 Parameters:    Size  Location     Type
  to              1    wreg     PTR unsigned char 
		 -> POINTERB(5), ADCACCHARC(5), ADCABCHARB(5), POINTERA(5), 
		 -> ADCCCHARC(5), ADCBCHARB(5), 
  from            1    4[COMMON] PTR const unsigned char 
		 -> POINTERB(5), ADCABCHARB(5), ADCAACHARA(5), POINTERA(5), 
		 -> ADCBCHARB(5), ADCACHARA(5), 
 Auto vars:     Size  Location     Type
  to              1    0[BANK0 ] PTR unsigned char 
		 -> POINTERB(5), ADCACCHARC(5), ADCABCHARB(5), POINTERA(5), 
		 -> ADCCCHARC(5), ADCBCHARB(5), 
  cp              1    1[BANK0 ] PTR unsigned char 
		 -> POINTERB(5), ADCACCHARC(5), ADCABCHARB(5), POINTERA(5), 
		 -> ADCCCHARC(5), ADCBCHARB(5), 
 Return value:  Size  Location     Type
                  1    wreg      PTR unsigned char 
 Registers used:
		wreg, fsr0l, fsr0h, status,2, status,0
 Tracked objects:
		On entry : 
		On exit  : 
		Unchanged: 
 Data sizes:     COMMON   BANK0   BANK1   BANK3   BANK2
      Params:         1       0       0       0       0
      Locals:         0       2       0       0       0
      Temps:          1       0       0       0       0
      Totals:         2       2       0       0       0
Total ram usage:        4 bytes
 Hardware stack levels used:    1
 Hardware stack levels required when called:    1
 This function calls:
		Nothing
 This function is called by:
		_ADC
 This function uses a non-reentrant model


 *************** function _sprintf *****************
 Defined at:
		line 505 in file "C:\Program Files (x86)\Microchip\xc8\v2.10\pic\sources\c90\common\doprnt.c"
 Parameters:    Size  Location     Type
  sp              1    wreg     PTR unsigned char 
		 -> TERMINAL(5), 
  f               1   12[BANK0 ] PTR const unsigned char 
		 -> STR_4(5), 
 Auto vars:     Size  Location     Type
  sp              1   20[BANK0 ] PTR unsigned char 
		 -> TERMINAL(5), 
  tmpval          4    0        struct .
  val             2   21[BANK0 ] unsigned int 
  cp              2    0        PTR const unsigned char 
  len             2    0        unsigned int 
  c               1   24[BANK0 ] unsigned char 
  prec            1   23[BANK0 ] char 
  flag            1   19[BANK0 ] unsigned char 
  ap              1   18[BANK0 ] PTR void [1]
		 -> ?_sprintf(2), 
 Return value:  Size  Location     Type
                  2   12[BANK0 ] int 
 Registers used:
		wreg, fsr0l, fsr0h, status,2, status,0, btemp+1, pclath, cstack
 Tracked objects:
		On entry : 
		On exit  : 
		Unchanged: 
 Data sizes:     COMMON   BANK0   BANK1   BANK3   BANK2
      Params:         0       3       0       0       0
      Locals:         0       7       0       0       0
      Temps:          0       3       0       0       0
      Totals:         0      13       0       0       0
Total ram usage:       13 bytes
 Hardware stack levels used:    1
 Hardware stack levels required when called:    2
 This function calls:
		___bmul
		___lwdiv
		___lwmod
		_isdigit
 This function is called by:
		_ADC
 This function uses a non-reentrant model


 *************** function _isdigit *****************
 Defined at:
		line 8 in file "C:\Program Files (x86)\Microchip\xc8\v2.10\pic\sources\c90\common\isdigit.c"
 Parameters:    Size  Location     Type
  c               1    wreg     unsigned char 
 Auto vars:     Size  Location     Type
  c               1    5[COMMON] unsigned char 
 Return value:  Size  Location     Type
		None               void
 Registers used:
		wreg, status,2, status,0
 Tracked objects:
		On entry : 
		On exit  : 
		Unchanged: 
 Data sizes:     COMMON   BANK0   BANK1   BANK3   BANK2
      Params:         0       0       0       0       0
      Locals:         2       0       0       0       0
      Temps:          0       0       0       0       0
      Totals:         2       0       0       0       0
Total ram usage:        2 bytes
 Hardware stack levels used:    1
 Hardware stack levels required when called:    1
 This function calls:
		Nothing
 This function is called by:
		_sprintf
 This function uses a non-reentrant model


 *************** function ___bmul *****************
 Defined at:
		line 4 in file "C:\Program Files (x86)\Microchip\xc8\v2.10\pic\sources\c90\common\Umul8.c"
 Parameters:    Size  Location     Type
  multiplier      1    wreg     unsigned char 
  multiplicand    1    4[COMMON] unsigned char 
 Auto vars:     Size  Location     Type
  multiplier      1    1[BANK0 ] unsigned char 
  product         1    0[BANK0 ] unsigned char 
 Return value:  Size  Location     Type
                  1    wreg      unsigned char 
 Registers used:
		wreg, status,2, status,0
 Tracked objects:
		On entry : 
		On exit  : 
		Unchanged: 
 Data sizes:     COMMON   BANK0   BANK1   BANK3   BANK2
      Params:         1       0       0       0       0
      Locals:         0       2       0       0       0
      Temps:          1       0       0       0       0
      Totals:         2       2       0       0       0
Total ram usage:        4 bytes
 Hardware stack levels used:    1
 Hardware stack levels required when called:    1
 This function calls:
		Nothing
 This function is called by:
		_sprintf
 This function uses a non-reentrant model


 *************** function _itoa *****************
 Defined at:
		line 4 in file "C:\Program Files (x86)\Microchip\xc8\v2.10\pic\sources\c90\common\itoa.c"
 Parameters:    Size  Location     Type
  buf             1    wreg     PTR unsigned char 
		 -> ADCACCHARC(5), ADCABCHARB(5), ADCAACHARA(5), ADCCCHARC(5), 
		 -> ADCBCHARB(5), ADCACHARA(5), TERMINAL(5), 
  val             2   21[BANK0 ] int 
  base            2   23[BANK0 ] int 
 Auto vars:     Size  Location     Type
  buf             1   27[BANK0 ] PTR unsigned char 
		 -> ADCACCHARC(5), ADCABCHARB(5), ADCAACHARA(5), ADCCCHARC(5), 
		 -> ADCBCHARB(5), ADCACHARA(5), TERMINAL(5), 
  cp              1    0        PTR unsigned char 
		 -> ADCACCHARC(5), ADCABCHARB(5), ADCAACHARA(5), ADCCCHARC(5), 
		 -> ADCBCHARB(5), ADCACHARA(5), TERMINAL(5), 
 Return value:  Size  Location     Type
                  1    wreg      PTR unsigned char 
 Registers used:
		wreg, fsr0l, fsr0h, status,2, status,0, pclath, cstack
 Tracked objects:
		On entry : 
		On exit  : 
		Unchanged: 
 Data sizes:     COMMON   BANK0   BANK1   BANK3   BANK2
      Params:         0       4       0       0       0
      Locals:         0       2       0       0       0
      Temps:          0       1       0       0       0
      Totals:         0       7       0       0       0
Total ram usage:        7 bytes
 Hardware stack levels used:    1
 Hardware stack levels required when called:    3
 This function calls:
		_utoa
 This function is called by:
		_ADC
		_PC
 This function uses a non-reentrant model


 *************** function _utoa *****************
 Defined at:
		line 17 in file "C:\Program Files (x86)\Microchip\xc8\v2.10\pic\sources\c90\common\itoa.c"
 Parameters:    Size  Location     Type
  buf             1    wreg     PTR unsigned char 
		 -> ADCACCHARC(5), ADCABCHARB(5), ADCAACHARA(5), ADCCCHARC(5), 
		 -> ADCBCHARB(5), ADCACHARA(5), TERMINAL(5), 
  val             2   12[BANK0 ] unsigned int 
  base            2   14[BANK0 ] int 
 Auto vars:     Size  Location     Type
  buf             1   20[BANK0 ] PTR unsigned char 
		 -> ADCACCHARC(5), ADCABCHARB(5), ADCAACHARA(5), ADCCCHARC(5), 
		 -> ADCBCHARB(5), ADCACHARA(5), TERMINAL(5), 
  v               2   17[BANK0 ] unsigned int 
  c               1   19[BANK0 ] unsigned char 
 Return value:  Size  Location     Type
                  1    wreg      PTR unsigned char 
 Registers used:
		wreg, fsr0l, fsr0h, status,2, status,0, pclath, cstack
 Tracked objects:
		On entry : 
		On exit  : 
		Unchanged: 
 Data sizes:     COMMON   BANK0   BANK1   BANK3   BANK2
      Params:         0       4       0       0       0
      Locals:         0       4       0       0       0
      Temps:          0       1       0       0       0
      Totals:         0       9       0       0       0
Total ram usage:        9 bytes
 Hardware stack levels used:    1
 Hardware stack levels required when called:    2
 This function calls:
		___lwdiv
		___lwmod
 This function is called by:
		_itoa
 This function uses a non-reentrant model


 *************** function ___lwmod *****************
 Defined at:
		line 5 in file "C:\Program Files (x86)\Microchip\xc8\v2.10\pic\sources\c90\common\lwmod.c"
 Parameters:    Size  Location     Type
  divisor         2    7[BANK0 ] unsigned int 
  dividend        2    9[BANK0 ] unsigned int 
 Auto vars:     Size  Location     Type
  counter         1   11[BANK0 ] unsigned char 
 Return value:  Size  Location     Type
                  2    7[BANK0 ] unsigned int 
 Registers used:
		wreg, status,2, status,0
 Tracked objects:
		On entry : 
		On exit  : 
		Unchanged: 
 Data sizes:     COMMON   BANK0   BANK1   BANK3   BANK2
      Params:         0       4       0       0       0
      Locals:         0       1       0       0       0
      Temps:          1       0       0       0       0
      Totals:         1       5       0       0       0
Total ram usage:        6 bytes
 Hardware stack levels used:    1
 Hardware stack levels required when called:    1
 This function calls:
		Nothing
 This function is called by:
		_sprintf
		_utoa
 This function uses a non-reentrant model


 *************** function ___lwdiv *****************
 Defined at:
		line 5 in file "C:\Program Files (x86)\Microchip\xc8\v2.10\pic\sources\c90\common\lwdiv.c"
 Parameters:    Size  Location     Type
  divisor         2    0[BANK0 ] unsigned int 
  dividend        2    2[BANK0 ] unsigned int 
 Auto vars:     Size  Location     Type
  quotient        2    5[BANK0 ] unsigned int 
  counter         1    4[BANK0 ] unsigned char 
 Return value:  Size  Location     Type
                  2    0[BANK0 ] unsigned int 
 Registers used:
		wreg, status,2, status,0
 Tracked objects:
		On entry : 
		On exit  : 
		Unchanged: 
 Data sizes:     COMMON   BANK0   BANK1   BANK3   BANK2
      Params:         0       4       0       0       0
      Locals:         0       3       0       0       0
      Temps:          1       0       0       0       0
      Totals:         1       7       0       0       0
Total ram usage:        8 bytes
 Hardware stack levels used:    1
 Hardware stack levels required when called:    1
 This function calls:
		Nothing
 This function is called by:
		_sprintf
		_utoa
 This function uses a non-reentrant model


 *************** function ___xxtofl *****************
 Defined at:
		line 10 in file "C:\Program Files (x86)\Microchip\xc8\v2.10\pic\sources\c90\common\xxtofl.c"
 Parameters:    Size  Location     Type
  sign            1    wreg     unsigned char 
  val             4    0[BANK0 ] long 
 Auto vars:     Size  Location     Type
  sign            1    8[BANK0 ] unsigned char 
  arg             4   10[BANK0 ] unsigned long 
  exp             1    9[BANK0 ] unsigned char 
 Return value:  Size  Location     Type
                  4    0[BANK0 ] unsigned char 
 Registers used:
		wreg, status,2, status,0
 Tracked objects:
		On entry : 
		On exit  : 
		Unchanged: 
 Data sizes:     COMMON   BANK0   BANK1   BANK3   BANK2
      Params:         0       4       0       0       0
      Locals:         0       6       0       0       0
      Temps:          0       4       0       0       0
      Totals:         0      14       0       0       0
Total ram usage:       14 bytes
 Hardware stack levels used:    1
 Hardware stack levels required when called:    1
 This function calls:
		Nothing
 This function is called by:
		_ADC
 This function uses a non-reentrant model


 *************** function ___fltol *****************
 Defined at:
		line 43 in file "C:\Program Files (x86)\Microchip\xc8\v2.10\pic\sources\c90\common\fltol.c"
 Parameters:    Size  Location     Type
  f1              4   40[BANK0 ] unsigned char 
 Auto vars:     Size  Location     Type
  exp1            1   50[BANK0 ] unsigned char 
  sign1           1   49[BANK0 ] unsigned char 
 Return value:  Size  Location     Type
                  4   40[BANK0 ] long 
 Registers used:
		wreg, status,2, status,0
 Tracked objects:
		On entry : 
		On exit  : 
		Unchanged: 
 Data sizes:     COMMON   BANK0   BANK1   BANK3   BANK2
      Params:         0       4       0       0       0
      Locals:         0       2       0       0       0
      Temps:          0       5       0       0       0
      Totals:         0      11       0       0       0
Total ram usage:       11 bytes
 Hardware stack levels used:    1
 Hardware stack levels required when called:    1
 This function calls:
		Nothing
 This function is called by:
		_ADC
 This function uses a non-reentrant model


 *************** function ___flmul *****************
 Defined at:
		line 8 in file "C:\Program Files (x86)\Microchip\xc8\v2.10\pic\sources\c90\common\sprcmul.c"
 Parameters:    Size  Location     Type
  b               4   14[BANK0 ] long 
  a               4   18[BANK0 ] long 
 Auto vars:     Size  Location     Type
  prod            4   34[BANK0 ] struct .
  grs             4   29[BANK0 ] unsigned long 
  temp            2   38[BANK0 ] struct .
  bexp            1   33[BANK0 ] unsigned char 
  aexp            1   28[BANK0 ] unsigned char 
  sign            1   27[BANK0 ] unsigned char 
 Return value:  Size  Location     Type
                  4   14[BANK0 ] unsigned char 
 Registers used:
		wreg, status,2, status,0, btemp+1, pclath, cstack
 Tracked objects:
		On entry : 
		On exit  : 
		Unchanged: 
 Data sizes:     COMMON   BANK0   BANK1   BANK3   BANK2
      Params:         0       8       0       0       0
      Locals:         0      13       0       0       0
      Temps:          0       5       0       0       0
      Totals:         0      26       0       0       0
Total ram usage:       26 bytes
 Hardware stack levels used:    1
 Hardware stack levels required when called:    2
 This function calls:
		__Umul8_16
 This function is called by:
		_ADC
 This function uses a non-reentrant model


 *************** function __Umul8_16 *****************
 Defined at:
		line 4 in file "C:\Program Files (x86)\Microchip\xc8\v2.10\pic\sources\c90\common\Umul8_16.c"
 Parameters:    Size  Location     Type
  multiplier      1    wreg     unsigned char 
  multiplicand    1    4[COMMON] unsigned char 
 Auto vars:     Size  Location     Type
  multiplier      1    6[BANK0 ] unsigned char 
  word_mpld       2    4[BANK0 ] unsigned int 
  product         2    2[BANK0 ] unsigned int 
 Return value:  Size  Location     Type
                  2    4[COMMON] unsigned int 
 Registers used:
		wreg, status,2, status,0
 Tracked objects:
		On entry : 
		On exit  : 
		Unchanged: 
 Data sizes:     COMMON   BANK0   BANK1   BANK3   BANK2
      Params:         2       0       0       0       0
      Locals:         0       5       0       0       0
      Temps:          0       2       0       0       0
      Totals:         2       7       0       0       0
Total ram usage:        9 bytes
 Hardware stack levels used:    1
 Hardware stack levels required when called:    1
 This function calls:
		Nothing
 This function is called by:
		___flmul
 This function uses a non-reentrant model


 *************** function ___fldiv *****************
 Defined at:
		line 8 in file "C:\Program Files (x86)\Microchip\xc8\v2.10\pic\sources\c90\common\sprcdiv.c"
 Parameters:    Size  Location     Type
  a               4   40[BANK0 ] unsigned int 
  b               4   44[BANK0 ] unsigned int 
 Auto vars:     Size  Location     Type
  grs             4   60[BANK0 ] unsigned long 
  rem             4   53[BANK0 ] unsigned long 
  new_exp         2   58[BANK0 ] int 
  aexp            1   65[BANK0 ] unsigned char 
  bexp            1   64[BANK0 ] unsigned char 
  sign            1   57[BANK0 ] unsigned char 
 Return value:  Size  Location     Type
                  4   40[BANK0 ] unsigned char 
 Registers used:
		wreg, status,2, status,0, btemp+1
 Tracked objects:
		On entry : 
		On exit  : 
		Unchanged: 
 Data sizes:     COMMON   BANK0   BANK1   BANK3   BANK2
      Params:         0       8       0       0       0
      Locals:         0      13       0       0       0
      Temps:          0       5       0       0       0
      Totals:         0      26       0       0       0
Total ram usage:       26 bytes
 Hardware stack levels used:    1
 Hardware stack levels required when called:    1
 This function calls:
		Nothing
 This function is called by:
		_ADC
 This function uses a non-reentrant model


 *************** function ___awmod *****************
 Defined at:
		line 5 in file "C:\Program Files (x86)\Microchip\xc8\v2.10\pic\sources\c90\common\awmod.c"
 Parameters:    Size  Location     Type
  divisor         2    8[BANK0 ] int 
  dividend        2   10[BANK0 ] int 
 Auto vars:     Size  Location     Type
  sign            1   13[BANK0 ] unsigned char 
  counter         1   12[BANK0 ] unsigned char 
 Return value:  Size  Location     Type
                  2    8[BANK0 ] int 
 Registers used:
		wreg, status,2, status,0
 Tracked objects:
		On entry : 
		On exit  : 
		Unchanged: 
 Data sizes:     COMMON   BANK0   BANK1   BANK3   BANK2
      Params:         0       4       0       0       0
      Locals:         0       2       0       0       0
      Temps:          1       0       0       0       0
      Totals:         1       6       0       0       0
Total ram usage:        7 bytes
 Hardware stack levels used:    1
 Hardware stack levels required when called:    1
 This function calls:
		Nothing
 This function is called by:
		_ADC
 This function uses a non-reentrant model


 *************** function ___awdiv *****************
 Defined at:
		line 5 in file "C:\Program Files (x86)\Microchip\xc8\v2.10\pic\sources\c90\common\awdiv.c"
 Parameters:    Size  Location     Type
  divisor         2    0[BANK0 ] int 
  dividend        2    2[BANK0 ] int 
 Auto vars:     Size  Location     Type
  quotient        2    6[BANK0 ] int 
  sign            1    5[BANK0 ] unsigned char 
  counter         1    4[BANK0 ] unsigned char 
 Return value:  Size  Location     Type
                  2    0[BANK0 ] int 
 Registers used:
		wreg, status,2, status,0
 Tracked objects:
		On entry : 
		On exit  : 
		Unchanged: 
 Data sizes:     COMMON   BANK0   BANK1   BANK3   BANK2
      Params:         0       4       0       0       0
      Locals:         0       4       0       0       0
      Temps:          1       0       0       0       0
      Totals:         1       8       0       0       0
Total ram usage:        9 bytes
 Hardware stack levels used:    1
 Hardware stack levels required when called:    1
 This function calls:
		Nothing
 This function is called by:
		_ADC
 This function uses a non-reentrant model


 *************** function _LCD_msg *****************
 Defined at:
		line 52 in file "LCD.c"
 Parameters:    Size  Location     Type
  c               2    1[BANK0 ] PTR unsigned char 
		 -> STR_6(3), STR_5(3), ADCACCHARC(5), ADCCCHARC(5), 
		 -> STR_1(17), TERMINAL(5), 
 Auto vars:     Size  Location     Type
		None
 Return value:  Size  Location     Type
                  1    wreg      void 
 Registers used:
		wreg, fsr0l, fsr0h, status,2, status,0, btemp+1, pclath, cstack
 Tracked objects:
		On entry : 
		On exit  : 
		Unchanged: 
 Data sizes:     COMMON   BANK0   BANK1   BANK3   BANK2
      Params:         0       2       0       0       0
      Locals:         0       0       0       0       0
      Temps:          0       0       0       0       0
      Totals:         0       2       0       0       0
Total ram usage:        2 bytes
 Hardware stack levels used:    1
 Hardware stack levels required when called:    3
 This function calls:
		_LCD_dwr
 This function is called by:
		_ADC
 This function uses a non-reentrant model


 *************** function _LCD_dwr *****************
 Defined at:
		line 44 in file "LCD.c"
 Parameters:    Size  Location     Type
  x               1    wreg     unsigned char 
 Auto vars:     Size  Location     Type
  x               1    0[BANK0 ] unsigned char 
 Return value:  Size  Location     Type
                  1    wreg      void 
 Registers used:
		wreg, status,2, status,0, pclath, cstack
 Tracked objects:
		On entry : 
		On exit  : 
		Unchanged: 
 Data sizes:     COMMON   BANK0   BANK1   BANK3   BANK2
      Params:         0       0       0       0       0
      Locals:         0       1       0       0       0
      Temps:          0       0       0       0       0
      Totals:         0       1       0       0       0
Total ram usage:        1 bytes
 Hardware stack levels used:    1
 Hardware stack levels required when called:    2
 This function calls:
		_LCD_lat
		_LCD_ready
 This function is called by:
		_LCD_msg
 This function uses a non-reentrant model


 *************** function _LCD_cmd *****************
 Defined at:
		line 16 in file "LCD.c"
 Parameters:    Size  Location     Type
  x               1    wreg     unsigned char 
 Auto vars:     Size  Location     Type
  x               1    0[BANK0 ] unsigned char 
 Return value:  Size  Location     Type
                  1    wreg      void 
 Registers used:
		wreg, status,2, status,0, pclath, cstack
 Tracked objects:
		On entry : 
		On exit  : 
		Unchanged: 
 Data sizes:     COMMON   BANK0   BANK1   BANK3   BANK2
      Params:         0       0       0       0       0
      Locals:         0       1       0       0       0
      Temps:          0       0       0       0       0
      Totals:         0       1       0       0       0
Total ram usage:        1 bytes
 Hardware stack levels used:    1
 Hardware stack levels required when called:    2
 This function calls:
		_LCD_lat
		_LCD_ready
 This function is called by:
		_inicio
		_ADC
 This function uses a non-reentrant model


 *************** function _LCD_ready *****************
 Defined at:
		line 29 in file "LCD.c"
 Parameters:    Size  Location     Type
		None
 Auto vars:     Size  Location     Type
		None
 Return value:  Size  Location     Type
                  1    wreg      void 
 Registers used:
		wreg, status,2, status,0
 Tracked objects:
		On entry : 
		On exit  : 
		Unchanged: 
 Data sizes:     COMMON   BANK0   BANK1   BANK3   BANK2
      Params:         0       0       0       0       0
      Locals:         0       0       0       0       0
      Temps:          2       0       0       0       0
      Totals:         2       0       0       0       0
Total ram usage:        2 bytes
 Hardware stack levels used:    1
 Hardware stack levels required when called:    1
 This function calls:
		Nothing
 This function is called by:
		_LCD_cmd
		_LCD_dwr
 This function uses a non-reentrant model


 *************** function _LCD_lat *****************
 Defined at:
		line 24 in file "LCD.c"
 Parameters:    Size  Location     Type
		None
 Auto vars:     Size  Location     Type
		None
 Return value:  Size  Location     Type
                  1    wreg      void 
 Registers used:
		wreg
 Tracked objects:
		On entry : 
		On exit  : 
		Unchanged: 
 Data sizes:     COMMON   BANK0   BANK1   BANK3   BANK2
      Params:         0       0       0       0       0
      Locals:         0       0       0       0       0
      Temps:          2       0       0       0       0
      Totals:         2       0       0       0       0
Total ram usage:        2 bytes
 Hardware stack levels used:    1
 Hardware stack levels required when called:    1
 This function calls:
		Nothing
 This function is called by:
		_LCD_cmd
		_LCD_dwr
 This function uses a non-reentrant model


 *************** function _ISR *****************
 Defined at:
		line 65 in file "adc.c"
 Parameters:    Size  Location     Type
		None
 Auto vars:     Size  Location     Type
		None
 Return value:  Size  Location     Type
                  1    wreg      void 
 Registers used:
		wreg, status,2, status,0
 Tracked objects:
		On entry : 
		On exit  : 
		Unchanged: 
 Data sizes:     COMMON   BANK0   BANK1   BANK3   BANK2
      Params:         0       0       0       0       0
      Locals:         0       0       0       0       0
      Temps:          4       0       0       0       0
      Totals:         4       0       0       0       0
Total ram usage:        4 bytes
 Hardware stack levels used:    1
 This function calls:
		Nothing
 This function is called by:
		Interrupt level 1
 This function uses a non-reentrant model



MODULE INFORMATION

Module		Function		Class		Link	Load	Size
C:\Program Files (x86)\Microchip\xc8\v2.10\pic\sources\c90\common\lwdiv.c
		___lwdiv       		CODE           	07B5	0000	71

C:\Program Files (x86)\Microchip\xc8\v2.10\pic\sources\c90\common\lwdiv.c estimated size: 71

C:\Program Files (x86)\Microchip\xc8\v2.10\pic\sources\c90\common\awdiv.c
		___awdiv       		CODE           	0B67	0000	106

C:\Program Files (x86)\Microchip\xc8\v2.10\pic\sources\c90\common\awdiv.c estimated size: 106

C:\Program Files (x86)\Microchip\xc8\v2.10\pic\sources\c90\common\fltol.c
		___fltol       		CODE           	0C42	0000	125

C:\Program Files (x86)\Microchip\xc8\v2.10\pic\sources\c90\common\fltol.c estimated size: 125

C:\Program Files (x86)\Microchip\xc8\v2.10\pic\sources\c90\common\Umul8.c
		___bmul        		CODE           	093F	0000	24

C:\Program Files (x86)\Microchip\xc8\v2.10\pic\sources\c90\common\Umul8.c estimated size: 24

C:\Program Files (x86)\Microchip\xc8\v2.10\pic\sources\c90\common\itoa.c
		_itoa          		CODE           	0998	0000	39
		_utoa          		CODE           	0BD0	0000	115

C:\Program Files (x86)\Microchip\xc8\v2.10\pic\sources\c90\common\itoa.c estimated size: 154

C:\Program Files (x86)\Microchip\xc8\v2.10\pic\sources\c90\common\sprcmul.c
		___flmul       		CODE           	0398	0000	866

C:\Program Files (x86)\Microchip\xc8\v2.10\pic\sources\c90\common\sprcmul.c estimated size: 866

C:\Program Files (x86)\Microchip\xc8\v2.10\pic\sources\c90\common\Umul8_16.c
		__Umul8_16     		CODE           	0A0F	0000	42

C:\Program Files (x86)\Microchip\xc8\v2.10\pic\sources\c90\common\Umul8_16.c estimated size: 42

C:\Program Files (x86)\Microchip\xc8\v2.10\pic\sources\c90\common\sprcdiv.c
		___fldiv       		CODE           	0E23	0000	478

C:\Program Files (x86)\Microchip\xc8\v2.10\pic\sources\c90\common\sprcdiv.c estimated size: 478

adc.c
		_ADC           		CODE           	0028	0000	881
		_ISR           		CODE           	0A63	0000	55

adc.c estimated size: 936

C:\Program Files (x86)\Microchip\xc8\v2.10\pic\sources\c90\common\strcat.c
		_strcat        		CODE           	0A38	0000	44

C:\Program Files (x86)\Microchip\xc8\v2.10\pic\sources\c90\common\strcat.c estimated size: 44

C:\Program Files (x86)\Microchip\xc8\v2.10\pic\sources\c90\common\xxtofl.c
		___xxtofl      		CODE           	06F9	0000	189

C:\Program Files (x86)\Microchip\xc8\v2.10\pic\sources\c90\common\xxtofl.c estimated size: 189

shared
		__stringtab    		STRING         	0800	0000	17
		_dpowers       		STRING         	0810	0000	11
		__initialization		CODE           	000F	0000	22

shared estimated size: 50

C:\Program Files (x86)\Microchip\xc8\v2.10\pic\sources\c90\common\strcpy.c
		_strcpy        		CODE           	0975	0000	36

C:\Program Files (x86)\Microchip\xc8\v2.10\pic\sources\c90\common\strcpy.c estimated size: 36

C:\Program Files (x86)\Microchip\xc8\v2.10\pic\sources\c90\common\lwmod.c
		___lwmod       		CODE           	0AD0	0000	61

C:\Program Files (x86)\Microchip\xc8\v2.10\pic\sources\c90\common\lwmod.c estimated size: 61

C:\Program Files (x86)\Microchip\xc8\v2.10\pic\sources\c90\common\awmod.c
		___awmod       		CODE           	0B0C	0000	92

C:\Program Files (x86)\Microchip\xc8\v2.10\pic\sources\c90\common\awmod.c estimated size: 92

C:\Program Files (x86)\Microchip\xc8\v2.10\pic\sources\c90\common\isdigit.c
		_isdigit       		CODE           	08F2	0000	19

C:\Program Files (x86)\Microchip\xc8\v2.10\pic\sources\c90\common\isdigit.c estimated size: 19

C:\Program Files (x86)\Microchip\xc8\v2.10\pic\sources\c90\common\doprnt.c
		_sprintf       		CODE           	0CBE	0000	358

C:\Program Files (x86)\Microchip\xc8\v2.10\pic\sources\c90\common\doprnt.c estimated size: 358

main.c
		_main          		CODE           	0904	0000	20
		_setup         		CODE           	0A99	0000	56

main.c estimated size: 76

LCD.c
		_LCD_lat       		CODE           	08E3	0000	16
		_LCD_ready     		CODE           	09E6	0000	42
		_LCD_msg       		CODE           	09BE	0000	41
		_LCD_cmd       		CODE           	0917	0000	21
		_inicio        		CODE           	0956	0000	32
		_LCD_dwr       		CODE           	092B	0000	21

LCD.c estimated size: 173

